// Jest Snapshot v1, https://goo.gl/fbAQLP

exports[`matches snapshot 1`] = `
<DocumentFragment>
  <div
    class="App"
  >
    <form
      class="NewBoxForm"
    >
      <label
        for="color"
      >
        Add Color
      </label>
      <input
        name="color"
        placeholder="Add Color"
        type="text"
        value=""
      />
      <label
        for="newBox"
      >
        Add Width
      </label>
      <input
        name="width"
        placeholder="Add Width"
        type="text"
        value=""
      />
      <label
        for="newBox"
      >
        Add Height
      </label>
      <input
        name="height"
        placeholder="Add Height"
        type="text"
        value=""
      />
      <button>
        Add Box
      </button>
    </form>
    <ul />
  </div>
</DocumentFragment>
`;
