// Jest Snapshot v1, https://goo.gl/fbAQLP

exports[`should match snapshot 1`] = `
<DocumentFragment>
  <div
    style="background-color: blue; width: 100px; height: 100px;"
  />
  <button>
    X
  </button>
</DocumentFragment>
`;
