// Jest Snapshot v1, https://goo.gl/fbAQLP

exports[`it matches snapshot 1`] = `
<DocumentFragment>
  <div>
    <div
      class="Logos"
    >
      <h2
        id="Miami Dolphins"
      >
        Miami Dolphins
      </h2>
      <img
        alt=""
        src="https://lh3.googleusercontent.com/proxy/M5SrmZetHy66Cgm1yHVzkg0jE6zCs2nu8POex1BCa0cuAcWYwZ_xixF6lQyDUXARJokAVHeVV3Xzu9YPUPaCpcXTN3U0ynu9SHDNXzKd9qoOFE1_UI1odHliHPn5pgUntv-Vtc_bRg"
      />
      <img
        alt=""
        src="https://www.collegegridirons.com/wp-content/uploads/2017/03/hrs.jpg"
      />
      <ul>
        <li>
          Stadium: Hard Rock Stadium
        </li>
        <li>
          Capacity: 65326
        </li>
      </ul>
    </div>
    <div
      class="Logos"
    >
      <h2
        id="Arizona Cardinals"
      >
        Arizona Cardinals
      </h2>
      <img
        alt=""
        src="https://lh3.googleusercontent.com/proxy/K_-WNZYkF6KiopB6FtZrdN6W5rP_4u7KBIoInwiAfPbnx_nR3KtwJ_T1rrr8c6-yagnBSlWst7ZdxHyeq4D5-qHvz5VsvSBJUH6ONecKCZMe1m0LDWtWw598sLAWTBR-hko"
      />
      <img
        alt=""
        src="https://populous.com/wp-content/uploads/2018/02/POP_00_0796_00_N25_medium.jpg"
      />
      <ul>
        <li>
          Stadium: Statefarm Stadium
        </li>
        <li>
          Capacity: 63400
        </li>
      </ul>
    </div>
    <div
      class="Logos"
    >
      <h2
        id="Jacksonville Jaguars"
      >
        Jacksonville Jaguars
      </h2>
      <img
        alt=""
        src="https://lh3.googleusercontent.com/proxy/NOhd8cahhw0xpf8vDi8vf0yNNm0EJuCRbEIxK3u8gz-00uz8BAFAm01Tbt_UAliQPrmx0VhmCO3lRoZnaVJVWMKp6Sf2tbc1WCW1plI59jDxLLo9VDrA0ptoPJBLaSueU9J1LQs"
      />
      <img
        alt=""
        src="https://downtownjacksonville.org/wp-content/uploads/2020/08/tiaa-bank-field.jpg"
      />
      <ul>
        <li>
          Stadium: TIAA Bank Field
        </li>
        <li>
          Capacity: 67164
        </li>
      </ul>
    </div>
  </div>
</DocumentFragment>
`;
